[cyberconsult.sa/index.html]
[backblue.gif]
[fade.gif]
[index.html]
[cyberconsult.sa/apple-touch-icon.png]
[cyberconsult.sa/favicon-32x32.png]
[cyberconsult.sa/favicon-16x16.png]
[cyberconsult.sa/site.webmanifest]
[cyberconsult.sa/safari-pinned-tab.svg]
[cyberconsult.sa/vendor/bootstrap/css/bootstrap.min.css]
[cyberconsult.sa/css/animate.css]
[cyberconsult.sa/vendor/themify/themify.css]
[cyberconsult.sa/vendor/scrollbar/scrollbar.min.css]
[cyberconsult.sa/vendor/magnific-popup/magnific-popup.css]
[cyberconsult.sa/vendor/swiper/swiper.min.css]
[cyberconsult.sa/vendor/cubeportfolio/css/cubeportfolio.min.css]
[cyberconsult.sa/css/style.css]
[cyberconsult.sa/css/global/global.css]
[cyberconsult.sa/logo/Cyber Consult small 2.png]
[cyberconsult.sa/about_us.html]
[cyberconsult.sa/team.html]
[cyberconsult.sa/our_services.html]
[cyberconsult.sa/contact_us.html]
[cyberconsult.sa/img/raw/nasa.jpg]
[cyberconsult.sa/img/raw/communication.jpg]
[static.hsappstatic.net/MeetingsEmbed/ex/MeetingsEmbedCode.js]
[cyberconsult.sa/vendor/jquery.min.js]
[cyberconsult.sa/vendor/jquery.migrate.min.js]
[cyberconsult.sa/vendor/bootstrap/js/bootstrap.min.js]
[cyberconsult.sa/vendor/jquery.smooth-scroll.min.js]
[cyberconsult.sa/vendor/jquery.back-to-top.min.js]
[cyberconsult.sa/vendor/scrollbar/jquery.scrollbar.min.js]
[cyberconsult.sa/vendor/magnific-popup/jquery.magnific-popup.min.js]
[cyberconsult.sa/vendor/swiper/swiper.jquery.min.js]
[cyberconsult.sa/vendor/waypoint.min.js]
[cyberconsult.sa/vendor/counterup.min.js]
[cyberconsult.sa/vendor/cubeportfolio/js/jquery.cubeportfolio.min.js]
[cyberconsult.sa/vendor/jquery.parallax.min.js]
[cyberconsult.sa/vendor/jquery.wow.min.js]
[cyberconsult.sa/js/global.min.js]
[cyberconsult.sa/js/components/header-sticky.min.js]
[cyberconsult.sa/js/components/magnific-popup.min.js]
[cyberconsult.sa/js/components/swiper.min.js]
[cyberconsult.sa/js/components/portfolio-3-col.min.js]
[cyberconsult.sa/js/components/google-map.min.js]
[cyberconsult.sa/index.html]
[cyberconsult.sa/img/raw/cyber_security_layer.jpg]
[cyberconsult.sa/about_us.html]
[cyberconsult.sa/img/1920x1080/06.jpg]
[cyberconsult.sa/upload/photo__a669a16f55df2268fb33b326f023f8d7_DSC_1474.jpg]
[cyberconsult.sa/img/mockups/pencil-01.png]
[cyberconsult.sa/team.html]
[cyberconsult.sa/img/favicon.ico]
[cyberconsult.sa/img/apple-touch-icon.png]
[cyberconsult.sa/vendor/vidbg.min.js]
[cyberconsult.sa/our_services.html]
[cyberconsult.sa/js/components/portfolio-4-col-slider.min.js]
[cyberconsult.sa/contact_us.html]
[cyberconsult.sa/safari-pinned-tab.svg]
[cyberconsult.sa/vendor/bootstrap/fonts/glyphicons-halflings-regular.eot]
[static.hsappstatic.net/MeetingsEmbed/ex/MeetingsEmbedCode.js]
[cyberconsult.sa/vendor/bootstrap/fonts/glyphicons-halflings-regulard41d.eot]
[cyberconsult.sa/vendor/bootstrap/fonts/glyphicons-halflings-regular.woff2]
[cyberconsult.sa/vendor/bootstrap/fonts/glyphicons-halflings-regular.woff]
[cyberconsult.sa/vendor/bootstrap/fonts/glyphicons-halflings-regular.ttf]
[cyberconsult.sa/vendor/bootstrap/fonts/glyphicons-halflings-regular.svg]
[cyberconsult.sa/vendor/bootstrap/css/bootstrap.min.css]
[cyberconsult.sa/css/animate.css]
[cyberconsult.sa/vendor/themify/fonts/themify9f24.eot]
[cyberconsult.sa/vendor/themify/fonts/themifyd41d.eot]
[cyberconsult.sa/vendor/themify/fonts/themify9f24.woff]
[cyberconsult.sa/vendor/themify/fonts/themify9f24.ttf]
[cyberconsult.sa/vendor/themify/themify.css]
[cyberconsult.sa/vendor/themify/fonts/themify9f24.svg]
[cyberconsult.sa/vendor/scrollbar/mCSB_buttons.png]
[cyberconsult.sa/vendor/scrollbar/scrollbar.min.css]
[cyberconsult.sa/vendor/magnific-popup/magnific-popup.css]
[cyberconsult.sa/vendor/swiper/swiper.min.css]
[cyberconsult.sa/vendor/cubeportfolio/img/cbp-sprite.png]
[cyberconsult.sa/vendor/cubeportfolio/css/cubeportfolio.min.css]
[cyberconsult.sa/img/widgets/worldmap.png]
[cyberconsult.sa/css/style.css]
[cyberconsult.sa/css/global/global.css]
[cyberconsult.sa/about_us.html]
[cyberconsult.sa/vendor/jquery.min.js]
[cyberconsult.sa/vendor/jquery.migrate.min.js]
[cyberconsult.sa/Popover requires tooltip.js]
[cyberconsult.sa/vendor/bootstrap/js/bootstrap.min.js]
[cyberconsult.sa/vendor/jquery.smooth-scroll.min.js]
[cyberconsult.sa/vendor/jquery.back-to-top.min.js]
[cyberconsult.sa/cdnjs.cloudflare.com/ajax/libs/jquery-mousewheel/3.1.12/jquery.mousewheel.min.js]
[cyberconsult.sa/vendor/scrollbar/jquery.scrollbar.min.js]
[cyberconsult.sa/vendor/magnific-popup/jquery.magnific-popup.min.js]
[cyberconsult.sa/vendor/swiper/swiper.jquery.min.js]
[cyberconsult.sa/vendor/waypoint.min.js]
[cyberconsult.sa/vendor/counterup.min.js]
[cyberconsult.sa/vendor/cubeportfolio/js/jquery.cubeportfolio.min.js]
[cyberconsult.sa/vendor/jquery.parallax.min.js]
[cyberconsult.sa/vendor/jquery.wow.min.js]
[cyberconsult.sa/js/global.min.js]
[cyberconsult.sa/js/components/header-sticky.min.js]
[cyberconsult.sa/js/components/scrollbar.min.js]
[cyberconsult.sa/js/components/magnific-popup.min.js]
[cyberconsult.sa/js/components/swiper.min.js]
[cyberconsult.sa/js/components/counter.min.js]
[cyberconsult.sa/js/components/portfolio-3-col.min.js]
[cyberconsult.sa/js/components/parallax.min.js]
[cyberconsult.sa/js/components/google-map.min.js]
[cyberconsult.sa/js/components/wow.min.js]
[cyberconsult.sa/img/favicon.html]
[cyberconsult.sa/img/apple-touch-icon.html]
[cyberconsult.sa/vendor/vidbg.min.js]
[cyberconsult.sa/js/components/portfolio-4-col-slider.min.js]
[cyberconsult.sa/vendor/bootstrap/fonts/glyphicons-halflings-regular.svg]
[cyberconsult.sa/vendor/themify/fonts/themify9f24.svg]
[cyberconsult.sa/vendor/scrollbar/mCSB_buttons.html]
[cyberconsult.sa/Popover requires tooltip.html]
[cyberconsult.sa/cdnjs.cloudflare.com/ajax/libs/jquery-mousewheel/3.1.12/jquery.mousewheel.min.html]
